0 verbose cli /usr/local/bin/node /usr/local/lib/node_modules/npm/bin/npm-cli.js
1 info using npm@11.8.0
2 info using node@v24.13.1
3 silly config load:file:/usr/local/lib/node_modules/npm/npmrc
4 silly config load:file:/Users/ryukidds/Desktop/영리한 웹사이트/.npmrc
5 silly config load:file:/Users/ryukidds/.npmrc
6 silly config load:file:/usr/local/etc/npmrc
7 verbose title npm exec create-next-app@latest --help
8 verbose argv "exec" "--cache" "./.npm-cache" "--yes" "--" "create-next-app@latest" "--help"
9 verbose logfile logs-max:10 dir:/Users/ryukidds/Desktop/영리한 웹사이트/.npm-cache/_logs/2026-06-02T08_37_01_828Z-
10 verbose logfile /Users/ryukidds/Desktop/영리한 웹사이트/.npm-cache/_logs/2026-06-02T08_37_01_828Z-debug-0.log
11 silly logfile done cleaning log files
12 silly packumentCache heap:4496293888 maxSize:1124073472 maxEntrySize:562036736
13 http fetch GET 200 https://registry.npmjs.org/npm 111ms
14 http fetch GET 200 https://registry.npmjs.org/create-next-app 166ms (cache miss)
15 silly packumentCache heap:4496293888 maxSize:1124073472 maxEntrySize:562036736
16 silly packumentCache heap:4496293888 maxSize:1124073472 maxEntrySize:562036736
17 silly idealTree buildDeps
18 silly fetch manifest create-next-app@16.2.7
19 silly packumentCache full:https://registry.npmjs.org/create-next-app cache-miss
20 http fetch GET 200 https://registry.npmjs.org/create-next-app 178ms (cache miss)
21 silly packumentCache full:https://registry.npmjs.org/create-next-app set size:undefined disposed:false
22 silly placeDep ROOT create-next-app@16.2.7 OK for:  want: 16.2.7
23 silly reify moves {}
24 silly audit bulk request { 'create-next-app': [ '16.2.7' ] }
25 http cache create-next-app@https://registry.npmjs.org/create-next-app/-/create-next-app-16.2.7.tgz 0ms (cache hit)
26 silly tarball no local data for create-next-app@https://registry.npmjs.org/create-next-app/-/create-next-app-16.2.7.tgz. Extracting by manifest.
27 http fetch GET 200 https://registry.npmjs.org/create-next-app/-/create-next-app-16.2.7.tgz 70ms (cache miss)
28 http fetch POST 200 https://registry.npmjs.org/-/npm/v1/security/advisories/bulk 149ms
29 silly audit report {}
30 verbose cwd /Users/ryukidds/Desktop/영리한 웹사이트
31 verbose os Darwin 25.2.0
32 verbose node v24.13.1
33 verbose npm  v11.8.0
34 notice
34 notice New minor version of npm available! 11.8.0 -> 11.16.0
34 notice Changelog: https://github.com/npm/cli/releases/tag/v11.16.0
34 notice To update run: npm install -g npm@11.16.0
34 notice  { force: true, Symbol(proc-log.meta): true }
35 verbose exit 0
36 info ok
